// Jest Snapshot v1, https://goo.gl/fbAQLP

exports[`QuestionList - Test Renders without crashing 1`] = `
ShallowWrapper {
  Symbol(enzyme.__root__): [Circular],
  Symbol(enzyme.__unrendered__): <questionlist />,
  Symbol(enzyme.__renderer__): Object {
    "batchedUpdates": [Function],
    "checkPropTypes": [Function],
    "getNode": [Function],
    "render": [Function],
    "simulateError": [Function],
    "simulateEvent": [Function],
    "unmount": [Function],
  },
  Symbol(enzyme.__node__): Object {
    "instance": null,
    "key": undefined,
    "nodeType": "function",
    "props": Object {
      "children": Array [
        <div
          className="QuestionList"
        >
          <questionlistitem
            deletable={false}
            description="Quiz information"
          />
        </div>,
        <button
          style={
            Object {
              "backgroundColor": "green",
              "color": "white",
              "height": "50px",
              "width": "100%",
            }
          }
        >
          Tilføj spørgsmål
        </button>,
      ],
    },
    "ref": null,
    "rendered": Array [
      Object {
        "instance": null,
        "key": undefined,
        "nodeType": "host",
        "props": Object {
          "children": Array [
            <questionlistitem
              deletable={false}
              description="Quiz information"
            />,
            Array [],
          ],
          "className": "QuestionList",
        },
        "ref": null,
        "rendered": Array [
          Object {
            "instance": null,
            "key": undefined,
            "nodeType": "function",
            "props": Object {
              "deletable": false,
              "description": "Quiz information",
              "onClick": undefined,
              "onDelete": undefined,
            },
            "ref": null,
            "rendered": null,
            "type": [Function],
          },
        ],
        "type": "div",
      },
      Object {
        "instance": null,
        "key": undefined,
        "nodeType": "function",
        "props": Object {
          "children": "Tilføj spørgsmål",
          "clicked": undefined,
          "style": Object {
            "backgroundColor": "green",
            "color": "white",
            "height": "50px",
            "width": "100%",
          },
        },
        "ref": null,
        "rendered": "Tilføj spørgsmål",
        "type": [Function],
      },
    ],
    "type": [Function],
  },
  Symbol(enzyme.__nodes__): Array [
    Object {
      "instance": null,
      "key": undefined,
      "nodeType": "function",
      "props": Object {
        "children": Array [
          <div
            className="QuestionList"
          >
            <questionlistitem
              deletable={false}
              description="Quiz information"
            />
          </div>,
          <button
            style={
              Object {
                "backgroundColor": "green",
                "color": "white",
                "height": "50px",
                "width": "100%",
              }
            }
          >
            Tilføj spørgsmål
          </button>,
        ],
      },
      "ref": null,
      "rendered": Array [
        Object {
          "instance": null,
          "key": undefined,
          "nodeType": "host",
          "props": Object {
            "children": Array [
              <questionlistitem
                deletable={false}
                description="Quiz information"
              />,
              Array [],
            ],
            "className": "QuestionList",
          },
          "ref": null,
          "rendered": Array [
            Object {
              "instance": null,
              "key": undefined,
              "nodeType": "function",
              "props": Object {
                "deletable": false,
                "description": "Quiz information",
                "onClick": undefined,
                "onDelete": undefined,
              },
              "ref": null,
              "rendered": null,
              "type": [Function],
            },
          ],
          "type": "div",
        },
        Object {
          "instance": null,
          "key": undefined,
          "nodeType": "function",
          "props": Object {
            "children": "Tilføj spørgsmål",
            "clicked": undefined,
            "style": Object {
              "backgroundColor": "green",
              "color": "white",
              "height": "50px",
              "width": "100%",
            },
          },
          "ref": null,
          "rendered": "Tilføj spørgsmål",
          "type": [Function],
        },
      ],
      "type": [Function],
    },
  ],
  Symbol(enzyme.__options__): Object {
    "adapter": ReactSixteenAdapter {
      "options": Object {
        "enableComponentDidUpdateOnSetState": true,
        "legacyContextMode": "parent",
        "lifecycles": Object {
          "componentDidUpdate": Object {
            "onSetState": true,
          },
          "getChildContext": Object {
            "calledByRenderer": false,
          },
          "getDerivedStateFromProps": Object {
            "hasShouldComponentUpdateBug": false,
          },
          "getSnapshotBeforeUpdate": true,
          "setState": Object {
            "skipsComponentDidUpdateOnNullish": true,
          },
        },
      },
    },
  },
}
`;
